// Jest Snapshot v1, https://goo.gl/fbAQLP

exports[`ClearButton component should create a ClearButton component 1`] = `
Object {
  "asFragment": [Function],
  "baseElement": <body>
    <div>
      <button
        class="MuiButtonBase-root MuiIconButton-root MuiIconButton-sizeMedium css-av538e-MuiButtonBase-root-MuiIconButton-root"
        tabindex="0"
        type="button"
      >
        <svg
          enable-background="new 0 0 64 64"
          height="30px"
          id="Layer_1"
          version="1.1"
          viewBox="0 0 64 64"
          width="30px"
          x="0px"
          xml:space="preserve"
          xmlns="http://www.w3.org/2000/svg"
          xmlns:xlink="http://www.w3.org/1999/xlink"
          y="0px"
        >
          <g>
            <line
              fill="none"
              stroke="#000000"
              stroke-miterlimit="10"
              stroke-width="2"
              x1="18.947"
              x2="45.045"
              y1="17.153"
              y2="43.056"
            />
          </g>
          <g>
            <line
              fill="none"
              stroke="#000000"
              stroke-miterlimit="10"
              stroke-width="2"
              x1="19.045"
              x2="44.947"
              y1="43.153"
              y2="17.056"
            />
          </g>
        </svg>
        <span
          class="MuiTouchRipple-root css-8je8zh-MuiTouchRipple-root"
        />
      </button>
    </div>
  </body>,
  "container": <div>
    <button
      class="MuiButtonBase-root MuiIconButton-root MuiIconButton-sizeMedium css-av538e-MuiButtonBase-root-MuiIconButton-root"
      tabindex="0"
      type="button"
    >
      <svg
        enable-background="new 0 0 64 64"
        height="30px"
        id="Layer_1"
        version="1.1"
        viewBox="0 0 64 64"
        width="30px"
        x="0px"
        xml:space="preserve"
        xmlns="http://www.w3.org/2000/svg"
        xmlns:xlink="http://www.w3.org/1999/xlink"
        y="0px"
      >
        <g>
          <line
            fill="none"
            stroke="#000000"
            stroke-miterlimit="10"
            stroke-width="2"
            x1="18.947"
            x2="45.045"
            y1="17.153"
            y2="43.056"
          />
        </g>
        <g>
          <line
            fill="none"
            stroke="#000000"
            stroke-miterlimit="10"
            stroke-width="2"
            x1="19.045"
            x2="44.947"
            y1="43.153"
            y2="17.056"
          />
        </g>
      </svg>
      <span
        class="MuiTouchRipple-root css-8je8zh-MuiTouchRipple-root"
      />
    </button>
  </div>,
  "debug": [Function],
  "findAllByAltText": [Function],
  "findAllByDisplayValue": [Function],
  "findAllByLabelText": [Function],
  "findAllByPlaceholderText": [Function],
  "findAllByRole": [Function],
  "findAllByTestId": [Function],
  "findAllByText": [Function],
  "findAllByTitle": [Function],
  "findByAltText": [Function],
  "findByDisplayValue": [Function],
  "findByLabelText": [Function],
  "findByPlaceholderText": [Function],
  "findByRole": [Function],
  "findByTestId": [Function],
  "findByText": [Function],
  "findByTitle": [Function],
  "getAllByAltText": [Function],
  "getAllByDisplayValue": [Function],
  "getAllByLabelText": [Function],
  "getAllByPlaceholderText": [Function],
  "getAllByRole": [Function],
  "getAllByTestId": [Function],
  "getAllByText": [Function],
  "getAllByTitle": [Function],
  "getByAltText": [Function],
  "getByDisplayValue": [Function],
  "getByLabelText": [Function],
  "getByPlaceholderText": [Function],
  "getByRole": [Function],
  "getByTestId": [Function],
  "getByText": [Function],
  "getByTitle": [Function],
  "queryAllByAltText": [Function],
  "queryAllByDisplayValue": [Function],
  "queryAllByLabelText": [Function],
  "queryAllByPlaceholderText": [Function],
  "queryAllByRole": [Function],
  "queryAllByTestId": [Function],
  "queryAllByText": [Function],
  "queryAllByTitle": [Function],
  "queryByAltText": [Function],
  "queryByDisplayValue": [Function],
  "queryByLabelText": [Function],
  "queryByPlaceholderText": [Function],
  "queryByRole": [Function],
  "queryByTestId": [Function],
  "queryByText": [Function],
  "queryByTitle": [Function],
  "rerender": [Function],
  "unmount": [Function],
}
`;
